timeout 300
default 0
color light-blue/blue black/light-grey
splashimage=/boot/splash.xpm.gz

title << Back to Main Menu
configfile /boot/grub/menu.lst

title Kde desktop 
kernel /boot/vmlinuz26 lang=en ramdisk_size=60% aufs session=kde nonfree=no
initrd /boot/archlive.img

title Gnome desktop 
kernel /boot/vmlinuz26 lang=en ramdisk_size=60% aufs session=gnome nonfree=no
initrd /boot/archlive.img

title Xfce desktop 
kernel /boot/vmlinuz26 lang=en ramdisk_size=60% aufs session=xfce nonfree=no
initrd /boot/archlive.img

title Lxde desktop 
kernel /boot/vmlinuz26 lang=en ramdisk_size=60% aufs session=lxde nonfree=no
initrd /boot/archlive.img

title Openbox desktop 
kernel /boot/vmlinuz26 lang=en ramdisk_size=60% aufs custom session=openbox nonfree=no
initrd /boot/archlive.img

title Fluxbox desktop
kernel /boot/vmlinuz26 lang=en ramdisk_size=60% aufs session=fluxbox nonfree=no
initrd /boot/archlive.img

title Icewm desktop
kernel /boot/vmlinuz26 lang=en ramdisk_size=60% aufs session=icewm nonfree=no
initrd /boot/archlive.img

title Awesome desktop
kernel /boot/vmlinuz26 lang=en ramdisk_size=60% aufs session=awesome nonfree=no
initrd /boot/archlive.img
